app/api/webhooks/github/route.ts(11,7): error TS2554: Expected 2 arguments, but got 1.
